#-----------------------------------------------------------
# Vivado v2023.2 (64-bit)
# SW Build 4029153 on Fri Oct 13 20:14:34 MDT 2023
# IP Build 4028589 on Sat Oct 14 00:45:43 MDT 2023
# SharedData Build 4025554 on Tue Oct 10 17:18:54 MDT 2023
# Start of session at: Sat May 18 21:53:50 2024
# Process ID: 17196
# Current directory: C:/Users/Harsh/Desktop/My Project/Uart_top_QUARTUS_totally_working-vivado simulation/quartus_working_viavado
# Command line: vivado.exe -gui_launcher_event rodinguilauncherevent14384 C:\Users\Harsh\Desktop\My Project\Uart_top_QUARTUS_totally_working-vivado simulation\quartus_working_viavado\quartus_working_viavado.xpr
# Log file: C:/Users/Harsh/Desktop/My Project/Uart_top_QUARTUS_totally_working-vivado simulation/quartus_working_viavado/vivado.log
# Journal file: C:/Users/Harsh/Desktop/My Project/Uart_top_QUARTUS_totally_working-vivado simulation/quartus_working_viavado\vivado.jou
# Running On: CS177-HARSH, OS: Windows, CPU Frequency: 2419 MHz, CPU Physical cores: 4, Host memory: 16934 MB
#-----------------------------------------------------------
start_gui
open_project {C:/Users/Harsh/Desktop/My Project/Uart_top_QUARTUS_totally_working-vivado simulation/quartus_working_viavado/quartus_working_viavado.xpr}
update_compile_order -fileset sources_1
synth_design -rtl -rtl_skip_mlo -name rtl_1
synth_design -rtl -rtl_skip_mlo -name rtl_1
synth_design -top uart_top -part xc7z010iclg225-1L -lint 
